# slang.h COM interface vtable signature snapshot.
# Regenerate after an intentional Slang upgrade with:
#   SLANG_UPDATE_VTABLE_SNAPSHOT=1 cargo test -p shader-slang-rs-sys
# Slang version: 2026.14.1
[ISlangUnknown]
virtual SLANG_NO_THROW SlangResult SLANG_MCALL queryInterface(SlangUUID const& uuid, void** outObject)
virtual SLANG_NO_THROW uint32_t SLANG_MCALL addRef()
virtual SLANG_NO_THROW uint32_t SLANG_MCALL release()
[ISlangCastable]
virtual SLANG_NO_THROW void* SLANG_MCALL castAs(const SlangUUID& guid)
[ISlangBlob]
virtual SLANG_NO_THROW void const* SLANG_MCALL getBufferPointer()
virtual SLANG_NO_THROW size_t SLANG_MCALL getBufferSize()
[ISlangFileSystem]
virtual SLANG_NO_THROW SlangResult SLANG_MCALL loadFile(char const* path, ISlangBlob** outBlob)
[ISlangFileSystemExt]
virtual SLANG_NO_THROW SlangResult SLANG_MCALL getFileUniqueIdentity(const char* path, ISlangBlob** outUniqueIdentity)
virtual SLANG_NO_THROW SlangResult SLANG_MCALL calcCombinedPath( SlangPathType fromPathType, const char* fromPath, const char* path, ISlangBlob** pathOut)
virtual SLANG_NO_THROW SlangResult SLANG_MCALL getPathType(const char* path, SlangPathType* pathTypeOut)
virtual SLANG_NO_THROW SlangResult SLANG_MCALL getPath(PathKind kind, const char* path, ISlangBlob** outPath)
virtual SLANG_NO_THROW void SLANG_MCALL clearCache()
virtual SLANG_NO_THROW SlangResult SLANG_MCALL enumeratePathContents( const char* path, FileSystemContentsCallBack callback, void* userData)
virtual SLANG_NO_THROW OSPathKind SLANG_MCALL getOSPathKind()
[ISlangMutableFileSystem]
virtual SLANG_NO_THROW SlangResult SLANG_MCALL saveFile(const char* path, const void* data, size_t size)
virtual SLANG_NO_THROW SlangResult SLANG_MCALL saveFileBlob(const char* path, ISlangBlob* dataBlob)
virtual SLANG_NO_THROW SlangResult SLANG_MCALL remove(const char* path)
virtual SLANG_NO_THROW SlangResult SLANG_MCALL createDirectory(const char* path)
[ISlangSharedLibrary]
virtual SLANG_NO_THROW void* SLANG_MCALL findSymbolAddressByName(char const* name)
[ISlangSharedLibraryLoader]
virtual SLANG_NO_THROW SlangResult SLANG_MCALL loadSharedLibrary(const char* path, ISlangSharedLibrary** sharedLibraryOut)
[IGlobalSession]
virtual SLANG_NO_THROW SlangResult SLANG_MCALL createSession(SessionDesc const& desc, ISession** outSession)
virtual SLANG_NO_THROW SlangProfileID SLANG_MCALL findProfile(char const* name)
virtual SLANG_NO_THROW void SLANG_MCALL setDownstreamCompilerPath(SlangPassThrough passThrough, char const* path)
virtual SLANG_NO_THROW void SLANG_MCALL setDownstreamCompilerPrelude(SlangPassThrough passThrough, const char* preludeText)
virtual SLANG_NO_THROW void SLANG_MCALL getDownstreamCompilerPrelude(SlangPassThrough passThrough, ISlangBlob** outPrelude)
virtual SLANG_NO_THROW const char* SLANG_MCALL getBuildTagString()
virtual SLANG_NO_THROW SlangResult SLANG_MCALL setDefaultDownstreamCompiler( SlangSourceLanguage sourceLanguage, SlangPassThrough defaultCompiler)
virtual SlangPassThrough SLANG_MCALL getDefaultDownstreamCompiler(SlangSourceLanguage sourceLanguage)
virtual SLANG_NO_THROW void SLANG_MCALL setLanguagePrelude(SlangSourceLanguage sourceLanguage, const char* preludeText)
virtual SLANG_NO_THROW void SLANG_MCALL getLanguagePrelude(SlangSourceLanguage sourceLanguage, ISlangBlob** outPrelude)
virtual SLANG_NO_THROW SlangResult SLANG_MCALL createCompileRequest(slang::ICompileRequest** outCompileRequest)
virtual SLANG_NO_THROW void SLANG_MCALL addBuiltins(char const* sourcePath, char const* sourceString)
virtual SLANG_NO_THROW void SLANG_MCALL setSharedLibraryLoader(ISlangSharedLibraryLoader* loader)
virtual SLANG_NO_THROW ISlangSharedLibraryLoader* SLANG_MCALL getSharedLibraryLoader()
virtual SLANG_NO_THROW SlangResult SLANG_MCALL checkCompileTargetSupport(SlangCompileTarget target)
virtual SLANG_NO_THROW SlangResult SLANG_MCALL checkPassThroughSupport(SlangPassThrough passThrough)
virtual SLANG_NO_THROW SlangResult SLANG_MCALL compileCoreModule(CompileCoreModuleFlags flags)
virtual SLANG_NO_THROW SlangResult SLANG_MCALL loadCoreModule(const void* coreModule, size_t coreModuleSizeInBytes)
virtual SLANG_NO_THROW SlangResult SLANG_MCALL saveCoreModule(SlangArchiveType archiveType, ISlangBlob** outBlob)
virtual SLANG_NO_THROW SlangCapabilityID SLANG_MCALL findCapability(char const* name)
virtual SLANG_NO_THROW void SLANG_MCALL setDownstreamCompilerForTransition( SlangCompileTarget source, SlangCompileTarget target, SlangPassThrough compiler)
virtual SLANG_NO_THROW SlangPassThrough SLANG_MCALL getDownstreamCompilerForTransition(SlangCompileTarget source, SlangCompileTarget target)
virtual SLANG_NO_THROW void SLANG_MCALL getCompilerElapsedTime(double* outTotalTime, double* outDownstreamTime)
virtual SLANG_NO_THROW SlangResult SLANG_MCALL setSPIRVCoreGrammar(char const* jsonPath)
virtual SLANG_NO_THROW SlangResult SLANG_MCALL parseCommandLineArguments( int argc, const char* const* argv, SessionDesc* outSessionDesc, ISlangUnknown** outAuxAllocation)
virtual SLANG_NO_THROW SlangResult SLANG_MCALL getSessionDescDigest(SessionDesc* sessionDesc, ISlangBlob** outBlob)
virtual SLANG_NO_THROW SlangResult SLANG_MCALL compileBuiltinModule(BuiltinModuleName module, CompileCoreModuleFlags flags)
virtual SLANG_NO_THROW SlangResult SLANG_MCALL loadBuiltinModule(BuiltinModuleName module, const void* moduleData, size_t sizeInBytes)
virtual SLANG_NO_THROW SlangResult SLANG_MCALL saveBuiltinModule( BuiltinModuleName module, SlangArchiveType archiveType, ISlangBlob** outBlob)
virtual SLANG_NO_THROW SlangResult SLANG_MCALL getDownstreamCompilerVersion(SlangPassThrough passThrough, int* outMajor, int* outMinor)
[ISession]
virtual SLANG_NO_THROW IGlobalSession* SLANG_MCALL getGlobalSession()
virtual SLANG_NO_THROW IModule* SLANG_MCALL loadModule(const char* moduleName, IBlob** outDiagnostics = nullptr)
virtual SLANG_NO_THROW IModule* SLANG_MCALL loadModuleFromSource( const char* moduleName, const char* path, slang::IBlob* source, slang::IBlob** outDiagnostics = nullptr)
virtual SLANG_NO_THROW SlangResult SLANG_MCALL createCompositeComponentType( IComponentType* const* componentTypes, SlangInt componentTypeCount, IComponentType** outCompositeComponentType, ISlangBlob** outDiagnostics = nullptr)
virtual SLANG_NO_THROW TypeReflection* SLANG_MCALL specializeType( TypeReflection* type, SpecializationArg const* specializationArgs, SlangInt specializationArgCount, ISlangBlob** outDiagnostics = nullptr)
virtual SLANG_NO_THROW TypeLayoutReflection* SLANG_MCALL getTypeLayout( TypeReflection* type, SlangInt targetIndex = 0, LayoutRules rules = LayoutRules::Default, ISlangBlob** outDiagnostics = nullptr)
virtual SLANG_NO_THROW TypeReflection* SLANG_MCALL getContainerType( TypeReflection* elementType, ContainerType containerType, ISlangBlob** outDiagnostics = nullptr)
virtual SLANG_NO_THROW TypeReflection* SLANG_MCALL getDynamicType()
virtual SLANG_NO_THROW SlangResult SLANG_MCALL getTypeRTTIMangledName(TypeReflection* type, ISlangBlob** outNameBlob)
virtual SLANG_NO_THROW SlangResult SLANG_MCALL getTypeConformanceWitnessMangledName( TypeReflection* type, TypeReflection* interfaceType, ISlangBlob** outNameBlob)
virtual SLANG_NO_THROW SlangResult SLANG_MCALL getTypeConformanceWitnessSequentialID( slang::TypeReflection* type, slang::TypeReflection* interfaceType, uint32_t* outId)
virtual SLANG_NO_THROW SlangResult SLANG_MCALL createCompileRequest(SlangCompileRequest** outCompileRequest)
virtual SLANG_NO_THROW SlangResult SLANG_MCALL createTypeConformanceComponentType( slang::TypeReflection* type, slang::TypeReflection* interfaceType, ITypeConformance** outConformance, SlangInt conformanceIdOverride, ISlangBlob** outDiagnostics)
virtual SLANG_NO_THROW IModule* SLANG_MCALL loadModuleFromIRBlob( const char* moduleName, const char* path, slang::IBlob* source, slang::IBlob** outDiagnostics = nullptr)
virtual SLANG_NO_THROW SlangInt SLANG_MCALL getLoadedModuleCount()
virtual SLANG_NO_THROW IModule* SLANG_MCALL getLoadedModule(SlangInt index)
virtual SLANG_NO_THROW bool SLANG_MCALL isBinaryModuleUpToDate(const char* modulePath, slang::IBlob* binaryModuleBlob)
virtual SLANG_NO_THROW IModule* SLANG_MCALL loadModuleFromSourceString( const char* moduleName, const char* path, const char* string, slang::IBlob** outDiagnostics = nullptr)
virtual SLANG_NO_THROW SlangResult SLANG_MCALL getDynamicObjectRTTIBytes( slang::TypeReflection* type, slang::TypeReflection* interfaceType, uint32_t* outRTTIDataBuffer, uint32_t bufferSizeInBytes)
virtual SLANG_NO_THROW SlangResult SLANG_MCALL loadModuleInfoFromIRBlob( slang::IBlob* source, SlangInt& outModuleVersion, const char*& outModuleCompilerVersion, const char*& outModuleName)
virtual SLANG_NO_THROW SlangResult SLANG_MCALL getDeclSourceLocation(slang::DeclReflection* decl, slang::SourceLocation* outLocation)
[IMetadata]
virtual SlangResult isParameterLocationUsed( SlangParameterCategory category, SlangUInt spaceIndex, SlangUInt registerIndex, bool& outUsed)
virtual const char* SLANG_MCALL getDebugBuildIdentifier()
[IComponentType]
virtual SLANG_NO_THROW ISession* SLANG_MCALL getSession()
virtual SLANG_NO_THROW ProgramLayout* SLANG_MCALL getLayout(SlangInt targetIndex = 0, IBlob** outDiagnostics = nullptr)
virtual SLANG_NO_THROW SlangInt SLANG_MCALL getSpecializationParamCount()
virtual SLANG_NO_THROW SlangResult SLANG_MCALL getEntryPointCode( SlangInt entryPointIndex, SlangInt targetIndex, IBlob** outCode, IBlob** outDiagnostics = nullptr)
virtual SLANG_NO_THROW SlangResult SLANG_MCALL getResultAsFileSystem( SlangInt entryPointIndex, SlangInt targetIndex, ISlangMutableFileSystem** outFileSystem)
virtual SLANG_NO_THROW void SLANG_MCALL getEntryPointHash(SlangInt entryPointIndex, SlangInt targetIndex, IBlob** outHash)
virtual SLANG_NO_THROW SlangResult SLANG_MCALL specialize( SpecializationArg const* specializationArgs, SlangInt specializationArgCount, IComponentType** outSpecializedComponentType, ISlangBlob** outDiagnostics = nullptr)
virtual SLANG_NO_THROW SlangResult SLANG_MCALL link(IComponentType** outLinkedComponentType, ISlangBlob** outDiagnostics = nullptr)
virtual SLANG_NO_THROW SlangResult SLANG_MCALL getEntryPointHostCallable( int entryPointIndex, int targetIndex, ISlangSharedLibrary** outSharedLibrary, slang::IBlob** outDiagnostics = 0)
virtual SLANG_NO_THROW SlangResult SLANG_MCALL renameEntryPoint(const char* newName, IComponentType** outEntryPoint)
virtual SLANG_NO_THROW SlangResult SLANG_MCALL linkWithOptions( IComponentType** outLinkedComponentType, uint32_t compilerOptionEntryCount, CompilerOptionEntry const* compilerOptionEntries, ISlangBlob** outDiagnostics = nullptr)
virtual SLANG_NO_THROW SlangResult SLANG_MCALL getTargetCode(SlangInt targetIndex, IBlob** outCode, IBlob** outDiagnostics = nullptr)
virtual SLANG_NO_THROW SlangResult SLANG_MCALL getTargetMetadata( SlangInt targetIndex, IMetadata** outMetadata, IBlob** outDiagnostics = nullptr)
virtual SLANG_NO_THROW SlangResult SLANG_MCALL getEntryPointMetadata( SlangInt entryPointIndex, SlangInt targetIndex, IMetadata** outMetadata, IBlob** outDiagnostics = nullptr)
[IEntryPoint]
virtual SLANG_NO_THROW FunctionReflection* SLANG_MCALL getFunctionReflection()
[ITypeConformance]
[IModule]
virtual SLANG_NO_THROW SlangResult SLANG_MCALL findEntryPointByName(char const* name, IEntryPoint** outEntryPoint)
virtual SLANG_NO_THROW SlangInt32 SLANG_MCALL getDefinedEntryPointCount()
virtual SLANG_NO_THROW SlangResult SLANG_MCALL getDefinedEntryPoint(SlangInt32 index, IEntryPoint** outEntryPoint)
virtual SLANG_NO_THROW SlangResult SLANG_MCALL serialize(ISlangBlob** outSerializedBlob)
virtual SLANG_NO_THROW SlangResult SLANG_MCALL writeToFile(char const* fileName)
virtual SLANG_NO_THROW const char* SLANG_MCALL getName()
virtual SLANG_NO_THROW const char* SLANG_MCALL getFilePath()
virtual SLANG_NO_THROW const char* SLANG_MCALL getUniqueIdentity()
virtual SLANG_NO_THROW SlangResult SLANG_MCALL findAndCheckEntryPoint( char const* name, SlangStage stage, IEntryPoint** outEntryPoint, ISlangBlob** outDiagnostics)
virtual SLANG_NO_THROW SlangInt32 SLANG_MCALL getDependencyFileCount()
virtual SLANG_NO_THROW char const* SLANG_MCALL getDependencyFilePath(SlangInt32 index)
virtual SLANG_NO_THROW DeclReflection* SLANG_MCALL getModuleReflection()
virtual SLANG_NO_THROW SlangResult SLANG_MCALL disassemble(slang::IBlob** outDisassembledBlob)
[ICompileResult]
virtual uint32_t SLANG_MCALL getItemCount()
virtual SlangResult SLANG_MCALL getItemData(uint32_t index, IBlob** outblob)
virtual SlangResult SLANG_MCALL getMetadata(IMetadata** outMetadata)
[IComponentType2]
virtual SLANG_NO_THROW SlangResult SLANG_MCALL getTargetCompileResult( SlangInt targetIndex, ICompileResult** outCompileResult, IBlob** outDiagnostics = nullptr)
virtual SLANG_NO_THROW SlangResult SLANG_MCALL getEntryPointCompileResult( SlangInt entryPointIndex, SlangInt targetIndex, ICompileResult** outCompileResult, IBlob** outDiagnostics = nullptr)
virtual SLANG_NO_THROW SlangResult SLANG_MCALL getTargetHostCallable( int targetIndex, ISlangSharedLibrary** outSharedLibrary, slang::IBlob** outDiagnostics = 0)
[IBindlessResourceMetadata]
virtual SLANG_NO_THROW bool SLANG_MCALL usesBindlessResourceHeap()
[ICoverageTracingMetadata]
virtual SLANG_NO_THROW uint32_t SLANG_MCALL getCounterCount()
virtual SLANG_NO_THROW SlangResult SLANG_MCALL getEntryInfo(uint32_t index, CoverageEntryInfo* outInfo)
virtual SLANG_NO_THROW SlangResult SLANG_MCALL getBufferInfo(CoverageBufferInfo* outInfo)
virtual SLANG_NO_THROW uint32_t SLANG_MCALL getEntryCount()
[ISyntheticResourceMetadata]
virtual SLANG_NO_THROW uint32_t SLANG_MCALL getResourceCount()
virtual SLANG_NO_THROW SlangResult SLANG_MCALL getResourceInfo(uint32_t index, SyntheticResourceInfo* outInfo)
virtual SLANG_NO_THROW SlangResult SLANG_MCALL findResourceIndexByID(uint32_t id, uint32_t* outIndex)
[ICooperativeTypesMetadata]
virtual SLANG_NO_THROW SlangUInt SLANG_MCALL getCooperativeMatrixTypeCount()
virtual SLANG_NO_THROW SlangResult SLANG_MCALL getCooperativeMatrixTypeByIndex(SlangUInt index, CooperativeMatrixType* outType)
virtual SLANG_NO_THROW SlangUInt SLANG_MCALL getCooperativeMatrixCombinationCount()
virtual SLANG_NO_THROW SlangResult SLANG_MCALL getCooperativeMatrixCombinationByIndex( SlangUInt index, CooperativeMatrixCombination* outCombination)
virtual SLANG_NO_THROW SlangUInt SLANG_MCALL getCooperativeVectorTypeCount()
virtual SLANG_NO_THROW SlangResult SLANG_MCALL getCooperativeVectorTypeByIndex(SlangUInt index, CooperativeVectorTypeUsageInfo* outType)
virtual SLANG_NO_THROW SlangUInt SLANG_MCALL getCooperativeVectorCombinationCount()
virtual SLANG_NO_THROW SlangResult SLANG_MCALL getCooperativeVectorCombinationByIndex( SlangUInt index, CooperativeVectorCombination* outCombination)
[IModulePrecompileService_Experimental]
virtual SLANG_NO_THROW SlangResult SLANG_MCALL precompileForTarget(SlangCompileTarget target, ISlangBlob** outDiagnostics)
virtual SLANG_NO_THROW SlangResult SLANG_MCALL getPrecompiledTargetCode( SlangCompileTarget target, IBlob** outCode, IBlob** outDiagnostics = nullptr)
virtual SLANG_NO_THROW SlangInt SLANG_MCALL getModuleDependencyCount()
virtual SLANG_NO_THROW SlangResult SLANG_MCALL getModuleDependency( SlangInt dependencyIndex, IModule** outModule, IBlob** outDiagnostics = nullptr)
[IByteCodeRunner]
virtual SLANG_NO_THROW SlangResult SLANG_MCALL loadModule(IBlob* moduleBlob)
virtual SLANG_NO_THROW SlangResult SLANG_MCALL selectFunctionByIndex(uint32_t functionIndex)
virtual SLANG_NO_THROW int SLANG_MCALL findFunctionByName(const char* name)
virtual SLANG_NO_THROW SlangResult SLANG_MCALL getFunctionInfo(uint32_t index, ByteCodeFuncInfo* outInfo)
virtual SLANG_NO_THROW void* SLANG_MCALL getCurrentWorkingSet()
virtual SLANG_NO_THROW SlangResult SLANG_MCALL execute(void* argumentData, size_t argumentSize)
virtual SLANG_NO_THROW void SLANG_MCALL getErrorString(IBlob** outBlob)
virtual SLANG_NO_THROW void* SLANG_MCALL getReturnValue(size_t* outValueSize)
virtual SLANG_NO_THROW void SLANG_MCALL setExtInstHandlerUserData(void* userData)
virtual SLANG_NO_THROW SlangResult SLANG_MCALL registerExtCall(const char* name, VMExtFunction functionPtr)
virtual SLANG_NO_THROW SlangResult SLANG_MCALL setPrintCallback(VMPrintFunc callback, void* userData)
[ISlangClonable]
virtual void* SLANG_MCALL clone(const SlangUUID& guid)
[ISlangWriter]
virtual SLANG_NO_THROW char* SLANG_MCALL beginAppendBuffer(size_t maxNumChars)
virtual SLANG_NO_THROW SlangResult SLANG_MCALL endAppendBuffer(char* buffer, size_t numChars)
virtual SLANG_NO_THROW SlangResult SLANG_MCALL write(const char* chars, size_t numChars)
virtual SLANG_NO_THROW void SLANG_MCALL flush()
virtual SLANG_NO_THROW SlangBool SLANG_MCALL isConsole()
virtual SLANG_NO_THROW SlangResult SLANG_MCALL setMode(SlangWriterMode mode)
[ISlangProfiler]
virtual SLANG_NO_THROW size_t SLANG_MCALL getEntryCount()
virtual SLANG_NO_THROW const char* SLANG_MCALL getEntryName(uint32_t index)
virtual SLANG_NO_THROW long SLANG_MCALL getEntryTimeMS(uint32_t index)
virtual SLANG_NO_THROW uint32_t SLANG_MCALL getEntryInvocationTimes(uint32_t index)
